#-----------------------------------------------------------
# Vivado v2020.2 (64-bit)
# SW Build 3064766 on Wed Nov 18 09:12:47 MST 2020
# IP Build 3064653 on Wed Nov 18 14:17:31 MST 2020
# Start of session at: Sat Nov 26 20:09:56 2022
# Process ID: 2629
# Current directory: /home/sgc/Documents/ECE522/lab0/HISTO/Vivado/HISTO
# Command line: vivado
# Log file: /home/sgc/Documents/ECE522/lab0/HISTO/Vivado/HISTO/vivado.log
# Journal file: /home/sgc/Documents/ECE522/lab0/HISTO/Vivado/HISTO/vivado.jou
#-----------------------------------------------------------
start_gui
open_project /home/sgc/Documents/ECE522/lab0/HISTO/Vivado/HISTO/HISTO.xpr
update_compile_order -fileset sources_1
update_files -from_files /home/sgc/Documents/ECE522/lab0/HISTO/VHDL/design_1_wrapper.vhd -to_files /home/sgc/Documents/ECE522/lab0/gpio_bram/VHDL/design_1_wrapper.vhd -filesets [get_filesets *]
add_files -norecurse {/home/sgc/Documents/ECE522/lab0/HISTO/VHDL/Histo.vhd /home/sgc/Documents/ECE522/lab0/HISTO/VHDL/Controller.vhd}
update_compile_order -fileset sources_1
open_bd_design {/home/sgc/Documents/ECE522/lab0/HISTO/Vivado/HISTO/HISTO.srcs/sources_1/bd/design_1/design_1.bd}
regenerate_bd_layout
validate_bd_design
save_bd_design
close_bd_design [get_bd_designs design_1]
reset_run synth_1
reset_run design_1_blk_mem_gen_0_0_synth_1
reset_run design_1_rst_ps7_0_50M_0_synth_1
reset_run design_1_axi_gpio_0_0_synth_1
reset_run design_1_processing_system7_0_0_synth_1
launch_runs impl_1 -to_step write_bitstream -jobs 2
wait_on_run impl_1
open_run impl_1
open_hw_manager
connect_hw_server -allow_non_jtag
open_hw_target
set_property PROGRAM.FILE {/home/sgc/Documents/ECE522/lab0/HISTO/Vivado/HISTO/HISTO.runs/impl_1/design_1_wrapper.bit} [get_hw_devices xc7z010_1]
current_hw_device [get_hw_devices xc7z010_1]
refresh_hw_device -update_hw_probes false [lindex [get_hw_devices xc7z010_1] 0]
set_property PROBES.FILE {} [get_hw_devices xc7z010_1]
set_property FULL_PROBES.FILE {} [get_hw_devices xc7z010_1]
set_property PROGRAM.FILE {/home/sgc/Documents/ECE522/lab0/HISTO/Vivado/HISTO/HISTO.runs/impl_1/design_1_wrapper.bit} [get_hw_devices xc7z010_1]
program_hw_devices [get_hw_devices xc7z010_1]
refresh_hw_device [lindex [get_hw_devices xc7z010_1] 0]
close_hw_manager
write_hw_platform -fixed -include_bit -force -file /home/sgc/Documents/ECE522/lab0/HISTO/Vivado/HISTO/design_1_wrapper.xsa
write_cfgmem -disablebitswap -force -format BIN -size 256 -interface SMAPx32 -checksum -loadbit "up 0x0 /home/sgc/Documents/ECE522/lab0/HISTO/Vivado/HISTO/design_1_wrapper.bit" -verbose design_1_wrapper.bit.bin
open_hw_manager
connect_hw_server -allow_non_jtag
open_hw_target
set_property PROGRAM.FILE {/home/sgc/Documents/ECE522/lab0/HISTO/Vivado/HISTO/HISTO.runs/impl_1/design_1_wrapper.bit} [get_hw_devices xc7z010_1]
current_hw_device [get_hw_devices xc7z010_1]
refresh_hw_device -update_hw_probes false [lindex [get_hw_devices xc7z010_1] 0]
write_cfgmem -disablebitswap -force -format BIN -size 256 -interface SMAPx32 -checksum -loadbit "up 0x0 /home/sgc/Documents/ECE522/lab0/HISTO/Vivado/HISTO/HISTO.runs/impl_1/design_1_wrapper.bit" -verbose design_1_wrapper.bit.bin
close_project
